# 2026-08-17 作業ログ

## 実行計画

前日の調査（2026-08-16）を受けて F-I9-1・F-I9-2・F-I9-6 を実装する。

データを取り直す方針が決まったため、**次のセッションを落とさないこと**が先に要る。
8/9 は最後の5分19秒を取りこぼしており、同じことが起きると取り直しが無駄になる。

## 作業ログ

### 1. F-I9-1 状態にもとづく復旧

`PracticeVideoRecorder` に5秒周期の監視 Task を置いた。
`isSessionActive` かつ録画していない状態を見つけたら、契機を問わず開始を試みる。

通知2本（`didBecomeActive` / `AVCaptureSessionInterruptionEnded`）は消さず、
**復旧を早める補助**として残した。どちらも同じ `attemptRecovery(trigger:)` を通る。
`resumeIfNeeded` は改名して意味を揃えた。

**バックグラウンドでは動かない。** iOS はバックグラウンドで `AVCaptureSession` を
動かさないため、App が suspend されれば監視の Task も止まる。
**8/9 の5分19秒はこの経路では救えない**（App がバックグラウンドのままだった）ことを
仕様書にも明記した。効かない対策を「入れたから大丈夫」と扱わないため。

### 2. 診断イベントの意味を分けた

従来 `interruptionEnded` は「復帰を**試みた**」時点で記録していた。
監視を入れると試行が5秒ごとに積み上がり、前日に足した
「中断したまま戻れていない」の指標（中断回数 − 復帰回数）が意味を失う。

| 出来事 | 意味 | 記録する場所 |
|---|---|---|
| `recoveryAttempted(at:trigger:)` | 開始を**試みた** | `attemptRecovery` |
| `interruptionEnded(at:)` | **実際に録画が再開した** | `didStartRecordingTo` |

`isAwaitingRecovery` を持ち、中断で終わったセグメントの次に録画が始まった時点で
`interruptionEnded` を記録する。これで `resumptionCount` が実測値になった。

`.error` で終わったセグメントには `isAwaitingRecovery` を立てていない。
エラーは中断ではないため。復旧は `recoveryAttemptCount` の側で追える。

### 3. F-I9-2 上限

| 上限 | 既定 | 判定 |
|---|---|---|
| セッション最大長 | 3時間 | 監視のたびに開始時刻と比較 |
| 空き容量 | 2GB | 60秒に1回だけ読む |

空き容量は5秒ごとに読むほど速く減る値ではないため、間隔を分けた。

**停止の閾値を警告と分けた。** `StorageCapacity.isLow`（6GB＝1時間ぶん）で止めると、
録れるはずの練習を途中で切ることになる。停止はディスクを使い切って書き込みが失敗し
セグメントが壊れるのを防ぐためのものなので、`isCritical`（2GB）を別に足した。

### 4. F-I9-6 離れていても状態がわかること

**Apple Watch**: 計測中の状態行に到達性を出す。接続中は記号のみ、
圏外のときだけ経過時間を添える。

圏外であること自体は異常ではない（コート反対側では必ず切れる）。
異常なのは「戻ったのに繋がらない」ことで、それは経過時間でしか判断できない。

到達性は `sessionReachabilityDidChange` だけでなく**転送完了でも更新**する。
変化通知は圏外へ出た瞬間に必ず飛ぶとは限らず、転送の完了は到達の実証になるため。

**iPhone**: 録画画面の状態表示を大きくし、3状態を色で区別した。

| 状態 | 色 |
|---|---|
| 録画中 | 赤 |
| セッション継続中だが録画していない | **橙** |
| 待機中 | 灰 |

8/9 に取りこぼした状態は、**当時の表示では待機中と同じ見た目**だった。
三脚から離れる以上、状態を読めるのは戻ってきた一瞬だけであり、
近寄らずに区別できる必要がある。操作方法の説明文は待機中にだけ出すようにした。

### 5. 選別画面が縦スクロールできなかった

実機で却下ボタン・一括適用の Stepper・送りの行が下端で見切れていた。
`VStack` に直接並べており、収まらないぶんが単に画面外へ出ていた。

`ScrollView` を入れて解消した。判断は3つ。

- **進捗の表示はスクロール領域の外に置く**。F-I8-1 で常時表示と決めているため
- **内容を縮めて収める方向は採らない**。波形は見落とし探しに使うので高さを削れず、
  ボタンはタップ目標の 44pt を下回れない。収める方向では端末の高さが変わるたびに再発する
- **候補を送ってもスクロール位置を戻さない**。一度実装したが考え直して外した。
  候補ごとの高さは同じなので、一度合わせた位置は次の候補でもそのまま使える。
  毎回先頭へ戻すと 237件ぶんスクロールし直すことになり、1件5秒の設計目標に対して割に合わない

`scrollBounceBehavior(.basedOnSize)` を付け、内容が収まる端末では弾ませない。
スクロールできると誤解させないため。

## 実装から得た知見

* **監視を足すと、既存の指標の意味が変わる**。`interruptionEnded` を
  「試みた」のまま残していたら、復旧を入れた瞬間に前日足したばかりの指標が
  役に立たなくなっていた。試行と結果は最初から別の出来事として持つ
* 効かない対策を「入れた」で済ませない。F-I9-1 は 8/9 の5分19秒を救えないので、
  救えないことを仕様書とログの両方に書いた。次に同じ症状を見たときに
  「対策済みのはず」で止まらないため
* 「止まらないこと」を保証する仕組みは、**止め方も同時に要る**。
  監視だけ入れると終了通知が届かないまま回り続ける
* Watch で学んだ「操作は画面下端に固定し、残りの高さへ内容を収める」（W-1）は
  **iPhone 側には適用していなかった**。同じ症状（ボタンの見切れ）が別の端末で再発した。
  高さが端末で変わる画面は、収める前提で組むと必ずどこかで溢れる

## ネクストアクション

1. **Xcode でビルドとテスト実行** — 本環境に Xcode が無いため未確認（AGENTS.md ルール5）。
   追加テストは `SessionDiagnosticsTests` 3件・`DiagnosticsReportTests` 2件
2. **中断からの復帰を実機で確認** — 録画中にホーム画面へ出て戻り、10秒以内に再開すること。
   診断記録に「復旧を試行」と「中断から復帰」が対で残ること
2b. **選別画面のスクロールを実機で確認** — 却下ボタンと送りの行に届くこと
3. **データの取り直し** — 上記が確認できてから。30分以上でカバー率95%以上（F-I7 の基準）
4. **F-I9-3〜5（距離由来）** — 今回再現していないため未着手のまま
5. **アノテーション画面の実機テスト（32件）** — 2026-07-26 からの持ち越し。未着手
