# 2026-08-01

## 実行計画

デザイナーから受け取った HTML モックアップ（Apple Watch Liquid Glass (2)）を Watch の
3画面へ取り込む。前提として 2026-07-27 の Liquid Glass 版が入っている状態からの更新。

1. モックアップと現行実装の差分を洗う
2. モード選択・計測・モニターの3画面を更新する
3. 画面カタログ（`docs/WATCH_SCREENS.md`）を実装に合わせる
4. CLI と Xcode の両方でビルドを確認する

## 作業ログ

### 1. 前段: モニター画面だけのモックアップ（1回目）

最初に届いたのはモニター画面を全画面波形へ変える版だった。読み合わせて2点を決めた。

- **縦軸スケールは自動のまま**とする。モックアップはタップで ±4/8/16g を巡回する
  作りだったが、直前（ed6342f）に自動調整を入れており、カタログにも「スケールに
  関わる操作は無い」と書いてある
- **一時停止／再開ボタンは無くす**。その結果「停止中」はエラー発生後にしか
  現れない状態になる

あわせて**ナビゲーションバーの扱いをデザイナーへ差し戻した**。モックアップはバーを隠して
左上にカスタムの `‹` を置いていたが、以下の理由で標準のバーを優先したい旨を伝えた。

1. 標準の戻るは左端からのスワイプでも効くため、モニターの左右スワイプと競合する
2. バーを隠すと時刻が消える
3. 本アプリでバーを隠しているのは計測中だけで、「停止・保存を経由しないと戻れない」
   ことの合図として使い分けている

### 2. 2回目のモックアップ: 3画面すべての更新

デザイナーの回答は、ナビゲーションバーを前提に組み直した3画面ぶんの版だった。
1回目の相談事項はここで解決している。

- タイトルはナビゲーションバーへ、単位とスケールは下端の情報へ（相談時の案A）
- モニターのページングに縦（Digital Crown）の選択肢も用意されたが、既定は横のまま

**取り込んだ内容:**

| 画面 | 変更 |
|---|---|
| モード選択 | 行 → 92pt のカードのカルーセル。非選択は 60%。文言も短縮 |
| 計測/待機 | ボタンをベタ塗り（文字は黒）の 44pt ピルへ |
| 計測/計測中 | **リングを廃し、スイング数を主役に置く構成へ全面変更**（後述） |
| モニター | 2枚並べ → 1画面1グラフの全画面波形。左右スワイプで加速度⇄角速度 |
| 共通 | ボタンは高さ44ptの完全なピル。塗りの強さ3段（ベタ / 15% / ガラス） |

### 3. 計測中の画面を作り直した

モックアップは「経過時間＋リング」をやめ、**スイング数を大きく置き、15秒ごとの
検知数を12本（＝直近3分）の棒グラフで見せる**構成になっている（HIG の Charts に
沿って、要点のサマリー値を先に置く形）。

必要なデータが無かったため `WorkoutViewModel` に窓ごとの集計を足した。

- `swingBuckets: [Int?]` を追加。15秒 × 12窓を右詰めで公開し、計測開始前の窓は `nil`
- 1秒ごとのタイマーで窓を開き、スイングの増分を進行中の窓へ積む
- スイング数が 0 へ戻る（セッション開始）ときに窓へ積まないよう、増分が正のときだけ加算

### 4. モックアップから外した／足した点

- **ロス率の数値を落とした。** 置き場所が無くなったため、実測Hz の文字色（白 /
  黄 / 赤）だけで健全性を示す形にした。数値は必要なら復活させる
- **未転送数「残 m」を状態行へ残した。** モックアップには無いが W-3 の手動テスト項目で、
  転送の滞りを見る唯一の表示だったため
- モックアップの棒グラフは計測開始前の窓を高さ0で描いていたが、色（白 6%）が
  指定されていたので 2pt の細い棒として見えるようにした
- 停止・保存ボタンの赤はモックアップ内で2種類（#FF3B30 / #FF453A）混在していたため、
  既存の `GlassPalette.danger`（#FF453A）へ揃えた

### 5. 実装で分かったこと

- **モニターの下端の情報は `TabView` の外へ出した。** ページの中に入れるとスワイプで
  一緒に流れるうえ、ページ側の安全領域に引っ張られる。波形だけが入れ替わる形にした
- **下端の幕は安全領域で止めてはいけない。** 止めると、その下に残る波形だけが
  素のまま明るく見える。幕だけ `.ignoresSafeArea(edges: .bottom)` で下端まで伸ばした
- **モード選択のタイトルは inline にした。** 大タイトルのままだと1枚目のカードの
  下半分が画面外へ出る
- **計測中の表示を `RecordingLayout` として切り出した。** `WorkoutViewModel` の値は
  外から入れられず、プレビューで見るには実際にセンサーを回して待つしかなかった。
  値を引数で受ける形にして、プレビューで一発で出るようにした（実際、既存の
  「計測中」プレビューはスナップショット時点で開始処理中のままだった）

### 6. 確認

- CLI（`xcodebuild`）・Xcode（`BuildProject`）の両方でビルド成功
- テスト成功（`TEST SUCCEEDED`）
- プレビューを画像で確認: モード選択・待機・計測中の表示・モニター・波形

## ネクストアクション

1. **実機での確認（未実施）** — 特に以下
   - モニターの1ページ目で右スワイプが「戻る」に取られる挙動（角速度へは左スワイプ
     のみで到達する非対称な動きになる）。許容できなければ縦ページングへ切り替える
   - 計測中の状態行が画面上端の角の丸みに掛からないか（計算上は約3pt の余裕）
   - 計測中の点滅ドットによる消費電力
2. **ロス率の数値を戻すかの判断** — 実機で色だけで足りるかを見てから決める
3. **手動テストの残り** — B-3（認可拒否のエラー）/ C-2 は計測中の画面ごと変わったため
   テスト項目の見直しが要る / E-4（10分計測しての発熱と電池）
4. **アノテーション画面の実機テスト（32件）** — 持ち越し。未着手
