# 2026-08-16 作業ログ

## 実行計画

「コートの反対サイドへ行くと撮影が止まる」との報告を受け、原因を切り分けて対応を設計する。
反対サイドでは Apple Watch と iPhone が 20〜30m 離れる。

実装は行わない。原因が未確定のまま手を入れると、効かない対策を実練習1時間で検証することになる。
今回は**切り分けと設計、および次回の実練習で取るべき証拠の特定**までとする。

## 作業ログ

### 1. 距離が録画を止める経路はコードに存在しない

`PracticeVideoRecorder` の停止経路を全て洗い出した。4つしかない。

| 契機 | 実装 |
|---|---|
| Watch のセッション終了通知 | `endSession()` |
| Appが非アクティブになった | `handleWillResignActive()` |
| キャプチャの中断 | `handleSessionWasInterrupted(_:)` |
| セグメント最大長 10分 | `didFinishRecordingTo` の `maximumDurationReached` |

`WCSession` の到達性（`isReachable` 等）を見ている箇所はコードベース全体で0件。
**距離が録画停止を引き起こす経路は無い。**

距離が壊すのは制御チャネル（`updateApplicationContext`）とファイル転送（`transferFile`）の2つのみ。
転送はキューが永続化されており、再接続後に流れる。データは失われない。

### 2. 「反対サイドで止まる」の正体

3つの可能性に整理した。

* **(A) 別の原因で止まり、戻ったときに初めて気づいた** — 最有力。
  20〜30m 先から iPhone の画面は読めず、Watch にも状態は届かない。
  **止まった瞬間ではなく戻った瞬間に観測している**ため、距離と相関して見える
* **(B) 一度止まると二度と再開しない経路がある** — 実在する欠陥（下記3）
* **(C) 不具合は逆方向** — 終了通知が届かず止まらなくなる／開始通知が合体して新セッションが録画されない

**距離の本当の害は「止まること」ではなく「止まったことに気づけない・操作できないこと」**
という整理に至った。これが対策を2階建てにした理由。

### 3. F-I7-2 の復帰経路に穴があった

`resumeIfNeeded` を呼ぶのは `didBecomeActive` と `AVCaptureSessionInterruptionEnded` の
通知2本だけ。次の3つはどちらの通知にも現れず、**セッションの残り全部が空白になる**。

1. セグメントが `.error` で終わった場合（異常系は診断へ記録して `return` している）
2. `videoStore.newSegmentURL` が失敗した場合（`errorMessage` を立てて `return`。再試行なし）
3. 中断理由が `videoDeviceNotAvailableDueToSystemPressure` の場合
   （`AVCaptureSessionInterruptionEnded` が来ないことがある。Apple の推奨は
   `systemPressureState` の購読であり、中断終了の通知を待つ設計は成立しない）

**2026-07-21 の不具合（`willResignActive` に対する再開経路の欠如）と同じ構造**である。
契機を1つずつ列挙して手当てする限り、列挙漏れが同じ結果を生む。

8月の屋外・三脚固定・1080p 連続録画・画面点灯は熱の逼迫が起きやすく、
セッション開始から十数分〜数十分で中断が起きうる。これは (A) の最有力候補だが、
**現時点では推測**であり証拠が要る。

### 4. 制御チャネルの取り違え（距離由来で唯一「止まる」と整合する経路）

`updateApplicationContext` は未達の内容を**上書きする**。最新の1件しか届かない。

* 開始通知の合体: `beginSession` は `activeSessionId` を差し替えるが
  `startNextSegment()` が `guard !isRecording` で戻るため録画が始まらない。
  新セッションのセグメントは最大10分間作られず、その間の映像は**前セッションの sessionId で登録される**
* 終了通知の遅延: `endSession()` は sessionId を照合していない。
  戻ってきた時点で「そのとき録画しているもの」を止める

### 5. 仕様書の作成

`docs/DISCONNECTED_RECORDING_SPEC.md`（F-I9）として起こした。要求は7項目。

| id | 内容 | 区分 |
|---|---|---|
| F-I9-1 | 状態にもとづく録画の自動復旧（通知に依存しない） | 必須 |
| F-I9-2 | 自動復旧の上限（セッション最大長・空き容量） | 必須 |
| F-I9-3 | セッション通知の sessionId 照合 | 必須 |
| F-I9-4 | iPhone 単独での録画操作 | 必須 |
| F-I9-5 | クリップ生成の時刻フォールバック | 必須 |
| F-I9-6 | 離れていても状態がわかること | 推奨 |
| F-I9-7 | 熱・電力の逼迫の記録 | 推奨・別タスク |

設計上の要点。

* **F-I9-1 が中核**。「継続中なのに録画していない」という状態だけを見て復旧すれば、
  停止原因の列挙が不要になる。原因が (A)(B)(C) のどれであっても効く
* **F-I9-2 は F-I9-1 の裏返し**。止まらないことを保証する仕組みを入れると、
  今度は終了通知が届かないまま回り続ける。1080p は 5〜7GB/時で空き 90GB を半日で埋める
* **F-I9-4 は F-I6 の前提の見直し**。「iPhone を操作するのはカメラ権限の許可だけ」は
  Watch の通知が届く範囲でしか成立しない。自動を主・手動を保険にする
* **F-I9-5 は v1 への回帰ではない**。sessionId 一致を優先し、時刻検索は救済経路にとどめる。
  F-I9-3・F-I9-4 で sessionId が食い違いうる状況が増えるため必要になった。
  壁時計のずれは 2026-07-21 の実測で 57分を通して 0.2秒であり、前後2秒窓に対して十分小さい

`REQUIREMENTS.md` に F-I9 の節と、転送レイテンシ（非機能要件）への但し書きを追加。
`RECORDING_RELIABILITY_SPEC.md` の F-I7-2 に、復帰経路の穴と F-I9 への参照を追記した。

**仕様モデル（`spec/tennis.pkl`）は今回更新していない。** dspec の規則は
`implementedBy` で実装ファイルを参照するため、実装が無い規則は `drift` が解決できない。
F-I9 の規則追加は実装と同じコミットで行う。この方針は仕様書の冒頭にも書いた。

## 実装から得た知見

* `WCSession` の経路は **Bluetooth と同一 Wi-Fi の2つだけ**。Apple Watch の
  モバイル通信は使われず、ペアリング済み iPhone のインターネット共有にも接続できない。
  **20〜30m は原理的に通信できない**ため、「通信を届かせる」方向の対策は取れない
* 「距離で止まる」という報告に対し、コードを読んで**距離由来の停止経路が無いこと**を
  先に確定できたのが分かれ目だった。距離を直そうとせず、
  「観測できないから距離と相関して見える」という仮説に到達できた
* 停止契機ごとに復帰経路を足す設計は、**列挙漏れの分だけそのまま欠陥になる**。
  2026-07-21 に1件塞いだが、同じ構造の穴が3つ残っていた

## ネクストアクション

1. **次回の実練習で証拠を取る（実装より先）** — 既存の診断記録とログで足りる
   - セッション診断画面の `segmentEndReasonCounts` を見る
     （`.interrupted` / `.error` / `.sessionEnded` のどれか）
   - Console.app で `interrupted: captureInterrupted(reason=N)` の N を見る（5 = 熱・電力の逼迫）
   - `interrupted` に対応する `interruptionEnded` が記録されているか
     （無ければ F-I9-1 が必須であることの直接の証拠）
2. **F-I9-1〜5 の実装** — 証拠が取れ次第。ビルド確認は Xcode のある環境で行う
3. **F-I9-7（熱の記録）** — F-I9-1〜5 と独立。先に着手してよい
4. **アノテーション画面の実機テスト（32件）** — 2026-07-26 からの持ち越し。未着手
5. **F-I7 の本番検証** — 1 と同じ実練習で兼ねる。30分以上でカバー率95%以上
